
> delva-selva@0.0.0 build
> tsc -b && vite build

src/components/modals/LoginModal.tsx(33,5): error TS6133: 'selectedProfileForLogin' is declared but its value is never read.
